04:29:16 **** Incremental Build of configuration Debug for project UARTCOM ****
make -j16 all 
arm-none-eabi-gcc "../Core/Src/main.c" -mcpu=cortex-m4 -std=gnu11 -g3 -DDEBUG -DUSE_HAL_DRIVER -DSTM32F411xE -c -I../Core/Inc -I../Drivers/STM32F4xx_HAL_Driver/Inc -I../Drivers/STM32F4xx_HAL_Driver/Inc/Legacy -I../Drivers/CMSIS/Device/ST/STM32F4xx/Include -I../Drivers/CMSIS/Include -O0 -ffunction-sections -fdata-sections -Wall -fstack-usage -fcyclomatic-complexity -MMD -MP -MF"Core/Src/main.d" -MT"Core/Src/main.o" --specs=nano.specs -mfpu=fpv4-sp-d16 -mfloat-abi=hard -mthumb -o "Core/Src/main.o"
../Core/Src/main.c: In function 'main':
../Core/Src/main.c:109:3: warning: implicit declaration of function 'UARTInterruptConfig' [-Wimplicit-function-declaration]
  109 |   UARTInterruptConfig();
      |   ^~~~~~~~~~~~~~~~~~~
../Core/Src/main.c: In function 'Function_Selector':
../Core/Src/main.c:242:10: warning: pointer targets in passing argument 1 of 'UIsend' differ in signedness [-Wpointer-sign]
  242 |   UIsend("\r\nFunction Select\r\n***************************\r\n");
      |          ^~~~~~~~~~~~~~~~~~~~~~~~~~~~~~~~~~~~~~~~~~~~~~~~~~~~~~~~
      |          |
      |          char *
../Core/Src/main.c:233:21: note: expected 'uint8_t *' {aka 'unsigned char *'} but argument is of type 'char *'
  233 | void UIsend(uint8_t text[100]) {
      |             ~~~~~~~~^~~~~~~~~
../Core/Src/main.c:243:10: warning: pointer targets in passing argument 1 of 'UIsend' differ in signedness [-Wpointer-sign]
  243 |   UIsend("0 : LED Control\r\n");
      |          ^~~~~~~~~~~~~~~~~~~~~
      |          |
      |          char *
../Core/Src/main.c:233:21: note: expected 'uint8_t *' {aka 'unsigned char *'} but argument is of type 'char *'
  233 | void UIsend(uint8_t text[100]) {
      |             ~~~~~~~~^~~~~~~~~
../Core/Src/main.c:244:10: warning: pointer targets in passing argument 1 of 'UIsend' differ in signedness [-Wpointer-sign]
  244 |   UIsend("1 : Button_State Status\r\n***************************\r\n");
      |          ^~~~~~~~~~~~~~~~~~~~~~~~~~~~~~~~~~~~~~~~~~~~~~~~~~~~~~~~~~~~
      |          |
      |          char *
../Core/Src/main.c:233:21: note: expected 'uint8_t *' {aka 'unsigned char *'} but argument is of type 'char *'
  233 | void UIsend(uint8_t text[100]) {
      |             ~~~~~~~~^~~~~~~~~
../Core/Src/main.c:250:11: warning: pointer targets in passing argument 1 of 'UIsend' differ in signedness [-Wpointer-sign]
  250 |    UIsend("LED Control Mode\r\n*********************\r\n");
      |           ^~~~~~~~~~~~~~~~~~~~~~~~~~~~~~~~~~~~~~~~~~~~~~~
      |           |
      |           char *
../Core/Src/main.c:233:21: note: expected 'uint8_t *' {aka 'unsigned char *'} but argument is of type 'char *'
  233 | void UIsend(uint8_t text[100]) {
      |             ~~~~~~~~^~~~~~~~~
../Core/Src/main.c:251:11: warning: pointer targets in passing argument 1 of 'UIsend' differ in signedness [-Wpointer-sign]
  251 |    UIsend("a : Speed Up +1Hz\r\n");
      |           ^~~~~~~~~~~~~~~~~~~~~~~
      |           |
      |           char *
../Core/Src/main.c:233:21: note: expected 'uint8_t *' {aka 'unsigned char *'} but argument is of type 'char *'
  233 | void UIsend(uint8_t text[100]) {
      |             ~~~~~~~~^~~~~~~~~
../Core/Src/main.c:252:11: warning: pointer targets in passing argument 1 of 'UIsend' differ in signedness [-Wpointer-sign]
  252 |    UIsend("s : Speed Down -1Hz\r\n");
      |           ^~~~~~~~~~~~~~~~~~~~~~~~~
      |           |
      |           char *
../Core/Src/main.c:233:21: note: expected 'uint8_t *' {aka 'unsigned char *'} but argument is of type 'char *'
  233 | void UIsend(uint8_t text[100]) {
      |             ~~~~~~~~^~~~~~~~~
../Core/Src/main.c:253:11: warning: pointer targets in passing argument 1 of 'UIsend' differ in signedness [-Wpointer-sign]
  253 |    UIsend("d : On/Off\r\n");
      |           ^~~~~~~~~~~~~~~~
      |           |
      |           char *
../Core/Src/main.c:233:21: note: expected 'uint8_t *' {aka 'unsigned char *'} but argument is of type 'char *'
  233 | void UIsend(uint8_t text[100]) {
      |             ~~~~~~~~^~~~~~~~~
../Core/Src/main.c:254:11: warning: pointer targets in passing argument 1 of 'UIsend' differ in signedness [-Wpointer-sign]
  254 |    UIsend("x : back\r\n");
      |           ^~~~~~~~~~~~~~
      |           |
      |           char *
../Core/Src/main.c:233:21: note: expected 'uint8_t *' {aka 'unsigned char *'} but argument is of type 'char *'
  233 | void UIsend(uint8_t text[100]) {
      |             ~~~~~~~~^~~~~~~~~
../Core/Src/main.c:257:11: warning: pointer targets in passing argument 1 of 'UIsend' differ in signedness [-Wpointer-sign]
  257 |    UIsend("x : back\r\n");
      |           ^~~~~~~~~~~~~~
      |           |
      |           char *
../Core/Src/main.c:233:21: note: expected 'uint8_t *' {aka 'unsigned char *'} but argument is of type 'char *'
  233 | void UIsend(uint8_t text[100]) {
      |             ~~~~~~~~^~~~~~~~~
../Core/Src/main.c:258:11: warning: pointer targets in passing argument 1 of 'UIsend' differ in signedness [-Wpointer-sign]
  258 |    UIsend("Button_State Status Mode\r\n");
      |           ^~~~~~~~~~~~~~~~~~~~~~~~~~~~~~
      |           |
      |           char *
../Core/Src/main.c:233:21: note: expected 'uint8_t *' {aka 'unsigned char *'} but argument is of type 'char *'
  233 | void UIsend(uint8_t text[100]) {
      |             ~~~~~~~~^~~~~~~~~
../Core/Src/main.c:286:11: warning: pointer targets in passing argument 1 of 'UIsend' differ in signedness [-Wpointer-sign]
  286 |    UIsend("LED ON\r\n");
      |           ^~~~~~~~~~~~
      |           |
      |           char *
../Core/Src/main.c:233:21: note: expected 'uint8_t *' {aka 'unsigned char *'} but argument is of type 'char *'
  233 | void UIsend(uint8_t text[100]) {
      |             ~~~~~~~~^~~~~~~~~
../Core/Src/main.c:291:13: warning: pointer targets in passing argument 1 of 'UIsend' differ in signedness [-Wpointer-sign]
  291 |      UIsend("LED OFF\r\n");
      |             ^~~~~~~~~~~~~
      |             |
      |             char *
../Core/Src/main.c:233:21: note: expected 'uint8_t *' {aka 'unsigned char *'} but argument is of type 'char *'
  233 | void UIsend(uint8_t text[100]) {
      |             ~~~~~~~~^~~~~~~~~
../Core/Src/main.c: In function 'LED_Hz':
../Core/Src/main.c:304:6: warning: type of 'LED_State' defaults to 'int' [-Wimplicit-int]
  304 | void LED_Hz( LED_State) {
      |      ^~~~~~
../Core/Src/main.c: At top level:
../Core/Src/main.c:316:6: warning: conflicting types for 'UARTInterruptConfig'
  316 | void UARTInterruptConfig() {
      |      ^~~~~~~~~~~~~~~~~~~
../Core/Src/main.c:109:3: note: previous implicit declaration of 'UARTInterruptConfig' was here
  109 |   UARTInterruptConfig();
      |   ^~~~~~~~~~~~~~~~~~~
../Core/Src/main.c: In function 'Button_State_Check':
../Core/Src/main.c:332:10: warning: pointer targets in passing argument 1 of 'UIsend' differ in signedness [-Wpointer-sign]
  332 |   UIsend("unpressed\r\n");
      |          ^~~~~~~~~~~~~~~
      |          |
      |          char *
../Core/Src/main.c:233:21: note: expected 'uint8_t *' {aka 'unsigned char *'} but argument is of type 'char *'
  233 | void UIsend(uint8_t text[100]) {
      |             ~~~~~~~~^~~~~~~~~
../Core/Src/main.c:334:10: warning: pointer targets in passing argument 1 of 'UIsend' differ in signedness [-Wpointer-sign]
  334 |   UIsend("pressed\r\n");
      |          ^~~~~~~~~~~~~
      |          |
      |          char *
../Core/Src/main.c:233:21: note: expected 'uint8_t *' {aka 'unsigned char *'} but argument is of type 'char *'
  233 | void UIsend(uint8_t text[100]) {
      |             ~~~~~~~~^~~~~~~~~
../Core/Src/main.c: In function 'HAL_UART_RxCpltCallback':
../Core/Src/main.c:322:40: warning: 'Received :  ' directive writing 12 bytes into a region of size 10 [-Wformat-overflow=]
  322 |   sprintf((char*) TxBuffer, "Received :  %s\r\n", RxBuffer);
      |                              ~~~~~~~~~~^~
../Core/Src/main.c:322:3: note: 'sprintf' output between 15 and 16 bytes into a destination of size 10
  322 |   sprintf((char*) TxBuffer, "Received :  %s\r\n", RxBuffer);
      |   ^~~~~~~~~~~~~~~~~~~~~~~~~~~~~~~~~~~~~~~~~~~~~~~~~~~~~~~~~
arm-none-eabi-gcc -o "UARTCOM.elf" @"objects.list"   -mcpu=cortex-m4 -T"D:\git\LAB5_01\LAB5_UARTCommunication\UARTCOM\STM32F411RETX_FLASH.ld" --specs=nosys.specs -Wl,-Map="UARTCOM.map" -Wl,--gc-sections -static --specs=nano.specs -mfpu=fpv4-sp-d16 -mfloat-abi=hard -mthumb -Wl,--start-group -lc -lm -Wl,--end-group
Finished building target: UARTCOM.elf
 
arm-none-eabi-size   UARTCOM.elf 
arm-none-eabi-objdump -h -S  UARTCOM.elf  > "UARTCOM.list"
   text	   data	    bss	    dec	    hex	filename
  14840	    128	   1784	  16752	   4170	UARTCOM.elf
Finished building: default.size.stdout
 
Finished building: UARTCOM.list
 
04:29:23 **** Incremental Build of configuration Debug for project UARTCOM ****
make -j16 all 
arm-none-eabi-gcc "../Core/Src/main.c" -mcpu=cortex-m4 -std=gnu11 -g3 -DDEBUG -DUSE_HAL_DRIVER -DSTM32F411xE -c -I../Core/Inc -I../Drivers/STM32F4xx_HAL_Driver/Inc -I../Drivers/STM32F4xx_HAL_Driver/Inc/Legacy -I../Drivers/CMSIS/Device/ST/STM32F4xx/Include -I../Drivers/CMSIS/Include -O0 -ffunction-sections -fdata-sections -Wall -fstack-usage -fcyclomatic-complexity -MMD -MP -MF"Core/Src/main.d" -MT"Core/Src/main.o" --specs=nano.specs -mfpu=fpv4-sp-d16 -mfloat-abi=hard -mthumb -o "Core/Src/main.o"
../Core/Src/main.c: In function 'main':
../Core/Src/main.c:109:3: warning: implicit declaration of function 'UARTInterruptConfig' [-Wimplicit-function-declaration]
  109 |   UARTInterruptConfig();
      |   ^~~~~~~~~~~~~~~~~~~
../Core/Src/main.c: In function 'Function_Selector':
../Core/Src/main.c:242:10: warning: pointer targets in passing argument 1 of 'UIsend' differ in signedness [-Wpointer-sign]
  242 |   UIsend("\r\nFunction Select\r\n***************************\r\n");
      |          ^~~~~~~~~~~~~~~~~~~~~~~~~~~~~~~~~~~~~~~~~~~~~~~~~~~~~~~~
      |          |
      |          char *
../Core/Src/main.c:233:21: note: expected 'uint8_t *' {aka 'unsigned char *'} but argument is of type 'char *'
  233 | void UIsend(uint8_t text[100]) {
      |             ~~~~~~~~^~~~~~~~~
../Core/Src/main.c:243:10: warning: pointer targets in passing argument 1 of 'UIsend' differ in signedness [-Wpointer-sign]
  243 |   UIsend("0 : LED Control\r\n");
      |          ^~~~~~~~~~~~~~~~~~~~~
      |          |
      |          char *
../Core/Src/main.c:233:21: note: expected 'uint8_t *' {aka 'unsigned char *'} but argument is of type 'char *'
  233 | void UIsend(uint8_t text[100]) {
      |             ~~~~~~~~^~~~~~~~~
../Core/Src/main.c:244:10: warning: pointer targets in passing argument 1 of 'UIsend' differ in signedness [-Wpointer-sign]
  244 |   UIsend("1 : Button_State Status\r\n***************************\r\n");
      |          ^~~~~~~~~~~~~~~~~~~~~~~~~~~~~~~~~~~~~~~~~~~~~~~~~~~~~~~~~~~~
      |          |
      |          char *
../Core/Src/main.c:233:21: note: expected 'uint8_t *' {aka 'unsigned char *'} but argument is of type 'char *'
  233 | void UIsend(uint8_t text[100]) {
      |             ~~~~~~~~^~~~~~~~~
../Core/Src/main.c:250:11: warning: pointer targets in passing argument 1 of 'UIsend' differ in signedness [-Wpointer-sign]
  250 |    UIsend("LED Control Mode\r\n*********************\r\n");
      |           ^~~~~~~~~~~~~~~~~~~~~~~~~~~~~~~~~~~~~~~~~~~~~~~
      |           |
      |           char *
../Core/Src/main.c:233:21: note: expected 'uint8_t *' {aka 'unsigned char *'} but argument is of type 'char *'
  233 | void UIsend(uint8_t text[100]) {
      |             ~~~~~~~~^~~~~~~~~
../Core/Src/main.c:251:11: warning: pointer targets in passing argument 1 of 'UIsend' differ in signedness [-Wpointer-sign]
  251 |    UIsend("a : Speed Up +1Hz\r\n");
      |           ^~~~~~~~~~~~~~~~~~~~~~~
      |           |
      |           char *
../Core/Src/main.c:233:21: note: expected 'uint8_t *' {aka 'unsigned char *'} but argument is of type 'char *'
  233 | void UIsend(uint8_t text[100]) {
      |             ~~~~~~~~^~~~~~~~~
../Core/Src/main.c:252:11: warning: pointer targets in passing argument 1 of 'UIsend' differ in signedness [-Wpointer-sign]
  252 |    UIsend("s : Speed Down -1Hz\r\n");
      |           ^~~~~~~~~~~~~~~~~~~~~~~~~
      |           |
      |           char *
../Core/Src/main.c:233:21: note: expected 'uint8_t *' {aka 'unsigned char *'} but argument is of type 'char *'
  233 | void UIsend(uint8_t text[100]) {
      |             ~~~~~~~~^~~~~~~~~
../Core/Src/main.c:253:11: warning: pointer targets in passing argument 1 of 'UIsend' differ in signedness [-Wpointer-sign]
  253 |    UIsend("d : On/Off\r\n");
      |           ^~~~~~~~~~~~~~~~
      |           |
      |           char *
../Core/Src/main.c:233:21: note: expected 'uint8_t *' {aka 'unsigned char *'} but argument is of type 'char *'
  233 | void UIsend(uint8_t text[100]) {
      |             ~~~~~~~~^~~~~~~~~
../Core/Src/main.c:254:11: warning: pointer targets in passing argument 1 of 'UIsend' differ in signedness [-Wpointer-sign]
  254 |    UIsend("x : back\r\n");
      |           ^~~~~~~~~~~~~~
      |           |
      |           char *
../Core/Src/main.c:233:21: note: expected 'uint8_t *' {aka 'unsigned char *'} but argument is of type 'char *'
  233 | void UIsend(uint8_t text[100]) {
      |             ~~~~~~~~^~~~~~~~~
../Core/Src/main.c:257:11: warning: pointer targets in passing argument 1 of 'UIsend' differ in signedness [-Wpointer-sign]
  257 |    UIsend("x : back\r\n");
      |           ^~~~~~~~~~~~~~
      |           |
      |           char *
../Core/Src/main.c:233:21: note: expected 'uint8_t *' {aka 'unsigned char *'} but argument is of type 'char *'
  233 | void UIsend(uint8_t text[100]) {
      |             ~~~~~~~~^~~~~~~~~
../Core/Src/main.c:258:11: warning: pointer targets in passing argument 1 of 'UIsend' differ in signedness [-Wpointer-sign]
  258 |    UIsend("Button_State Status Mode\r\n");
      |           ^~~~~~~~~~~~~~~~~~~~~~~~~~~~~~
      |           |
      |           char *
../Core/Src/main.c:233:21: note: expected 'uint8_t *' {aka 'unsigned char *'} but argument is of type 'char *'
  233 | void UIsend(uint8_t text[100]) {
      |             ~~~~~~~~^~~~~~~~~
../Core/Src/main.c:286:11: warning: pointer targets in passing argument 1 of 'UIsend' differ in signedness [-Wpointer-sign]
  286 |    UIsend("LED ON\r\n");
      |           ^~~~~~~~~~~~
      |           |
      |           char *
../Core/Src/main.c:233:21: note: expected 'uint8_t *' {aka 'unsigned char *'} but argument is of type 'char *'
  233 | void UIsend(uint8_t text[100]) {
      |             ~~~~~~~~^~~~~~~~~
../Core/Src/main.c:289:11: warning: pointer targets in passing argument 1 of 'UIsend' differ in signedness [-Wpointer-sign]
  289 |    UIsend("LED OFF\r\n");
      |           ^~~~~~~~~~~~~
      |           |
      |           char *
../Core/Src/main.c:233:21: note: expected 'uint8_t *' {aka 'unsigned char *'} but argument is of type 'char *'
  233 | void UIsend(uint8_t text[100]) {
      |             ~~~~~~~~^~~~~~~~~
../Core/Src/main.c: In function 'LED_Hz':
../Core/Src/main.c:302:6: warning: type of 'LED_State' defaults to 'int' [-Wimplicit-int]
  302 | void LED_Hz( LED_State) {
      |      ^~~~~~
../Core/Src/main.c: At top level:
../Core/Src/main.c:314:6: warning: conflicting types for 'UARTInterruptConfig'
  314 | void UARTInterruptConfig() {
      |      ^~~~~~~~~~~~~~~~~~~
../Core/Src/main.c:109:3: note: previous implicit declaration of 'UARTInterruptConfig' was here
  109 |   UARTInterruptConfig();
      |   ^~~~~~~~~~~~~~~~~~~
../Core/Src/main.c: In function 'Button_State_Check':
../Core/Src/main.c:330:10: warning: pointer targets in passing argument 1 of 'UIsend' differ in signedness [-Wpointer-sign]
  330 |   UIsend("unpressed\r\n");
      |          ^~~~~~~~~~~~~~~
      |          |
      |          char *
../Core/Src/main.c:233:21: note: expected 'uint8_t *' {aka 'unsigned char *'} but argument is of type 'char *'
  233 | void UIsend(uint8_t text[100]) {
      |             ~~~~~~~~^~~~~~~~~
../Core/Src/main.c:332:10: warning: pointer targets in passing argument 1 of 'UIsend' differ in signedness [-Wpointer-sign]
  332 |   UIsend("pressed\r\n");
      |          ^~~~~~~~~~~~~
      |          |
      |          char *
../Core/Src/main.c:233:21: note: expected 'uint8_t *' {aka 'unsigned char *'} but argument is of type 'char *'
  233 | void UIsend(uint8_t text[100]) {
      |             ~~~~~~~~^~~~~~~~~
../Core/Src/main.c: In function 'HAL_UART_RxCpltCallback':
../Core/Src/main.c:320:40: warning: 'Received :  ' directive writing 12 bytes into a region of size 10 [-Wformat-overflow=]
  320 |   sprintf((char*) TxBuffer, "Received :  %s\r\n", RxBuffer);
      |                              ~~~~~~~~~~^~
../Core/Src/main.c:320:3: note: 'sprintf' output between 15 and 16 bytes into a destination of size 10
  320 |   sprintf((char*) TxBuffer, "Received :  %s\r\n", RxBuffer);
      |   ^~~~~~~~~~~~~~~~~~~~~~~~~~~~~~~~~~~~~~~~~~~~~~~~~~~~~~~~~
arm-none-eabi-gcc -o "UARTCOM.elf" @"objects.list"   -mcpu=cortex-m4 -T"D:\git\LAB5_01\LAB5_UARTCommunication\UARTCOM\STM32F411RETX_FLASH.ld" --specs=nosys.specs -Wl,-Map="UARTCOM.map" -Wl,--gc-sections -static --specs=nano.specs -mfpu=fpv4-sp-d16 -mfloat-abi=hard -mthumb -Wl,--start-group -lc -lm -Wl,--end-group
Finished building target: UARTCOM.elf
 
arm-none-eabi-size   UARTCOM.elf 
arm-none-eabi-objdump -h -S  UARTCOM.elf  > "UARTCOM.list"
   text	   data	    bss	    dec	    hex	filename
  14840	    128	   1784	  16752	   4170	UARTCOM.elf
Finished building: default.size.stdout
 
Finished building: UARTCOM.list
 
04:30:33 **** Incremental Build of configuration Debug for project UARTCOM ****
make -j16 all 
arm-none-eabi-gcc "../Core/Src/main.c" -mcpu=cortex-m4 -std=gnu11 -g3 -DDEBUG -DUSE_HAL_DRIVER -DSTM32F411xE -c -I../Core/Inc -I../Drivers/STM32F4xx_HAL_Driver/Inc -I../Drivers/STM32F4xx_HAL_Driver/Inc/Legacy -I../Drivers/CMSIS/Device/ST/STM32F4xx/Include -I../Drivers/CMSIS/Include -O0 -ffunction-sections -fdata-sections -Wall -fstack-usage -fcyclomatic-complexity -MMD -MP -MF"Core/Src/main.d" -MT"Core/Src/main.o" --specs=nano.specs -mfpu=fpv4-sp-d16 -mfloat-abi=hard -mthumb -o "Core/Src/main.o"
../Core/Src/main.c: In function 'main':
../Core/Src/main.c:109:3: warning: implicit declaration of function 'UARTInterruptConfig' [-Wimplicit-function-declaration]
  109 |   UARTInterruptConfig();
      |   ^~~~~~~~~~~~~~~~~~~
../Core/Src/main.c: In function 'Function_Selector':
../Core/Src/main.c:242:10: warning: pointer targets in passing argument 1 of 'UIsend' differ in signedness [-Wpointer-sign]
  242 |   UIsend("\r\nFunction Select\r\n***************************\r\n");
      |          ^~~~~~~~~~~~~~~~~~~~~~~~~~~~~~~~~~~~~~~~~~~~~~~~~~~~~~~~
      |          |
      |          char *
../Core/Src/main.c:233:21: note: expected 'uint8_t *' {aka 'unsigned char *'} but argument is of type 'char *'
  233 | void UIsend(uint8_t text[100]) {
      |             ~~~~~~~~^~~~~~~~~
../Core/Src/main.c:243:10: warning: pointer targets in passing argument 1 of 'UIsend' differ in signedness [-Wpointer-sign]
  243 |   UIsend("0 : LED Control\r\n");
      |          ^~~~~~~~~~~~~~~~~~~~~
      |          |
      |          char *
../Core/Src/main.c:233:21: note: expected 'uint8_t *' {aka 'unsigned char *'} but argument is of type 'char *'
  233 | void UIsend(uint8_t text[100]) {
      |             ~~~~~~~~^~~~~~~~~
../Core/Src/main.c:244:10: warning: pointer targets in passing argument 1 of 'UIsend' differ in signedness [-Wpointer-sign]
  244 |   UIsend("1 : Button_State Status\r\n***************************\r\n");
      |          ^~~~~~~~~~~~~~~~~~~~~~~~~~~~~~~~~~~~~~~~~~~~~~~~~~~~~~~~~~~~
      |          |
      |          char *
../Core/Src/main.c:233:21: note: expected 'uint8_t *' {aka 'unsigned char *'} but argument is of type 'char *'
  233 | void UIsend(uint8_t text[100]) {
      |             ~~~~~~~~^~~~~~~~~
../Core/Src/main.c:250:11: warning: pointer targets in passing argument 1 of 'UIsend' differ in signedness [-Wpointer-sign]
  250 |    UIsend("LED Control Mode\r\n*********************\r\n");
      |           ^~~~~~~~~~~~~~~~~~~~~~~~~~~~~~~~~~~~~~~~~~~~~~~
      |           |
      |           char *
../Core/Src/main.c:233:21: note: expected 'uint8_t *' {aka 'unsigned char *'} but argument is of type 'char *'
  233 | void UIsend(uint8_t text[100]) {
      |             ~~~~~~~~^~~~~~~~~
../Core/Src/main.c:251:11: warning: pointer targets in passing argument 1 of 'UIsend' differ in signedness [-Wpointer-sign]
  251 |    UIsend("a : Speed Up +1Hz\r\n");
      |           ^~~~~~~~~~~~~~~~~~~~~~~
      |           |
      |           char *
../Core/Src/main.c:233:21: note: expected 'uint8_t *' {aka 'unsigned char *'} but argument is of type 'char *'
  233 | void UIsend(uint8_t text[100]) {
      |             ~~~~~~~~^~~~~~~~~
../Core/Src/main.c:252:11: warning: pointer targets in passing argument 1 of 'UIsend' differ in signedness [-Wpointer-sign]
  252 |    UIsend("s : Speed Down -1Hz\r\n");
      |           ^~~~~~~~~~~~~~~~~~~~~~~~~
      |           |
      |           char *
../Core/Src/main.c:233:21: note: expected 'uint8_t *' {aka 'unsigned char *'} but argument is of type 'char *'
  233 | void UIsend(uint8_t text[100]) {
      |             ~~~~~~~~^~~~~~~~~
../Core/Src/main.c:253:11: warning: pointer targets in passing argument 1 of 'UIsend' differ in signedness [-Wpointer-sign]
  253 |    UIsend("d : On/Off\r\n");
      |           ^~~~~~~~~~~~~~~~
      |           |
      |           char *
../Core/Src/main.c:233:21: note: expected 'uint8_t *' {aka 'unsigned char *'} but argument is of type 'char *'
  233 | void UIsend(uint8_t text[100]) {
      |             ~~~~~~~~^~~~~~~~~
../Core/Src/main.c:254:11: warning: pointer targets in passing argument 1 of 'UIsend' differ in signedness [-Wpointer-sign]
  254 |    UIsend("x : back\r\n");
      |           ^~~~~~~~~~~~~~
      |           |
      |           char *
../Core/Src/main.c:233:21: note: expected 'uint8_t *' {aka 'unsigned char *'} but argument is of type 'char *'
  233 | void UIsend(uint8_t text[100]) {
      |             ~~~~~~~~^~~~~~~~~
../Core/Src/main.c:257:11: warning: pointer targets in passing argument 1 of 'UIsend' differ in signedness [-Wpointer-sign]
  257 |    UIsend("x : back\r\n");
      |           ^~~~~~~~~~~~~~
      |           |
      |           char *
../Core/Src/main.c:233:21: note: expected 'uint8_t *' {aka 'unsigned char *'} but argument is of type 'char *'
  233 | void UIsend(uint8_t text[100]) {
      |             ~~~~~~~~^~~~~~~~~
../Core/Src/main.c:258:11: warning: pointer targets in passing argument 1 of 'UIsend' differ in signedness [-Wpointer-sign]
  258 |    UIsend("Button_State Status Mode\r\n");
      |           ^~~~~~~~~~~~~~~~~~~~~~~~~~~~~~
      |           |
      |           char *
../Core/Src/main.c:233:21: note: expected 'uint8_t *' {aka 'unsigned char *'} but argument is of type 'char *'
  233 | void UIsend(uint8_t text[100]) {
      |             ~~~~~~~~^~~~~~~~~
../Core/Src/main.c:285:11: warning: pointer targets in passing argument 1 of 'UIsend' differ in signedness [-Wpointer-sign]
  285 |    UIsend("LED ON\r\n");
      |           ^~~~~~~~~~~~
      |           |
      |           char *
../Core/Src/main.c:233:21: note: expected 'uint8_t *' {aka 'unsigned char *'} but argument is of type 'char *'
  233 | void UIsend(uint8_t text[100]) {
      |             ~~~~~~~~^~~~~~~~~
../Core/Src/main.c:288:11: warning: pointer targets in passing argument 1 of 'UIsend' differ in signedness [-Wpointer-sign]
  288 |    UIsend("LED OFF\r\n");
      |           ^~~~~~~~~~~~~
      |           |
      |           char *
../Core/Src/main.c:233:21: note: expected 'uint8_t *' {aka 'unsigned char *'} but argument is of type 'char *'
  233 | void UIsend(uint8_t text[100]) {
      |             ~~~~~~~~^~~~~~~~~
../Core/Src/main.c: In function 'LED_Hz':
../Core/Src/main.c:301:6: warning: type of 'LED_State' defaults to 'int' [-Wimplicit-int]
  301 | void LED_Hz( LED_State) {
      |      ^~~~~~
../Core/Src/main.c: At top level:
../Core/Src/main.c:313:6: warning: conflicting types for 'UARTInterruptConfig'
  313 | void UARTInterruptConfig() {
      |      ^~~~~~~~~~~~~~~~~~~
../Core/Src/main.c:109:3: note: previous implicit declaration of 'UARTInterruptConfig' was here
  109 |   UARTInterruptConfig();
      |   ^~~~~~~~~~~~~~~~~~~
../Core/Src/main.c: In function 'Button_State_Check':
../Core/Src/main.c:329:10: warning: pointer targets in passing argument 1 of 'UIsend' differ in signedness [-Wpointer-sign]
  329 |   UIsend("unpressed\r\n");
      |          ^~~~~~~~~~~~~~~
      |          |
      |          char *
../Core/Src/main.c:233:21: note: expected 'uint8_t *' {aka 'unsigned char *'} but argument is of type 'char *'
  233 | void UIsend(uint8_t text[100]) {
      |             ~~~~~~~~^~~~~~~~~
../Core/Src/main.c:331:10: warning: pointer targets in passing argument 1 of 'UIsend' differ in signedness [-Wpointer-sign]
  331 |   UIsend("pressed\r\n");
      |          ^~~~~~~~~~~~~
      |          |
      |          char *
../Core/Src/main.c:233:21: note: expected 'uint8_t *' {aka 'unsigned char *'} but argument is of type 'char *'
  233 | void UIsend(uint8_t text[100]) {
      |             ~~~~~~~~^~~~~~~~~
../Core/Src/main.c: In function 'HAL_UART_RxCpltCallback':
../Core/Src/main.c:319:40: warning: 'Received :  ' directive writing 12 bytes into a region of size 10 [-Wformat-overflow=]
  319 |   sprintf((char*) TxBuffer, "Received :  %s\r\n", RxBuffer);
      |                              ~~~~~~~~~~^~
../Core/Src/main.c:319:3: note: 'sprintf' output between 15 and 16 bytes into a destination of size 10
  319 |   sprintf((char*) TxBuffer, "Received :  %s\r\n", RxBuffer);
      |   ^~~~~~~~~~~~~~~~~~~~~~~~~~~~~~~~~~~~~~~~~~~~~~~~~~~~~~~~~
arm-none-eabi-gcc -o "UARTCOM.elf" @"objects.list"   -mcpu=cortex-m4 -T"D:\git\LAB5_01\LAB5_UARTCommunication\UARTCOM\STM32F411RETX_FLASH.ld" --specs=nosys.specs -Wl,-Map="UARTCOM.map" -Wl,--gc-sections -static --specs=nano.specs -mfpu=fpv4-sp-d16 -mfloat-abi=hard -mthumb -Wl,--start-group -lc -lm -Wl,--end-group
Finished building target: UARTCOM.elf
 
arm-none-eabi-size   UARTCOM.elf 
arm-none-eabi-objdump -h -S  UARTCOM.elf  > "UARTCOM.list"
   text	   data	    bss	    dec	    hex	filename
  14840	    128	   1784	  16752	   4170	UARTCOM.elf
Finished building: default.size.stdout
 
Finished building: UARTCOM.list
 
04:40:35 **** Incremental Build of configuration Debug for project UARTCOM ****
make -j16 all 
arm-none-eabi-size   UARTCOM.elf 
   text	   data	    bss	    dec	    hex	filename
  14840	    128	   1784	  16752	   4170	UARTCOM.elf
Finished building: default.size.stdout
 
04:44:54 **** Incremental Build of configuration Debug for project UARTCOM ****
make -j16 all 
arm-none-eabi-gcc "../Core/Src/main.c" -mcpu=cortex-m4 -std=gnu11 -g3 -DDEBUG -DUSE_HAL_DRIVER -DSTM32F411xE -c -I../Core/Inc -I../Drivers/STM32F4xx_HAL_Driver/Inc -I../Drivers/STM32F4xx_HAL_Driver/Inc/Legacy -I../Drivers/CMSIS/Device/ST/STM32F4xx/Include -I../Drivers/CMSIS/Include -O0 -ffunction-sections -fdata-sections -Wall -fstack-usage -fcyclomatic-complexity -MMD -MP -MF"Core/Src/main.d" -MT"Core/Src/main.o" --specs=nano.specs -mfpu=fpv4-sp-d16 -mfloat-abi=hard -mthumb -o "Core/Src/main.o"
../Core/Src/main.c: In function 'main':
../Core/Src/main.c:109:3: warning: implicit declaration of function 'UARTInterruptConfig' [-Wimplicit-function-declaration]
  109 |   UARTInterruptConfig();
      |   ^~~~~~~~~~~~~~~~~~~
../Core/Src/main.c: In function 'Function_Selector':
../Core/Src/main.c:242:10: warning: pointer targets in passing argument 1 of 'UIsend' differ in signedness [-Wpointer-sign]
  242 |   UIsend("\r\nFunction Select\r\n***************************\r\n");
      |          ^~~~~~~~~~~~~~~~~~~~~~~~~~~~~~~~~~~~~~~~~~~~~~~~~~~~~~~~
      |          |
      |          char *
../Core/Src/main.c:233:21: note: expected 'uint8_t *' {aka 'unsigned char *'} but argument is of type 'char *'
  233 | void UIsend(uint8_t text[100]) {
      |             ~~~~~~~~^~~~~~~~~
../Core/Src/main.c:243:10: warning: pointer targets in passing argument 1 of 'UIsend' differ in signedness [-Wpointer-sign]
  243 |   UIsend("0 : LED Control\r\n");
      |          ^~~~~~~~~~~~~~~~~~~~~
      |          |
      |          char *
../Core/Src/main.c:233:21: note: expected 'uint8_t *' {aka 'unsigned char *'} but argument is of type 'char *'
  233 | void UIsend(uint8_t text[100]) {
      |             ~~~~~~~~^~~~~~~~~
../Core/Src/main.c:244:10: warning: pointer targets in passing argument 1 of 'UIsend' differ in signedness [-Wpointer-sign]
  244 |   UIsend("1 : Button_State Status\r\n***************************\r\n");
      |          ^~~~~~~~~~~~~~~~~~~~~~~~~~~~~~~~~~~~~~~~~~~~~~~~~~~~~~~~~~~~
      |          |
      |          char *
../Core/Src/main.c:233:21: note: expected 'uint8_t *' {aka 'unsigned char *'} but argument is of type 'char *'
  233 | void UIsend(uint8_t text[100]) {
      |             ~~~~~~~~^~~~~~~~~
../Core/Src/main.c:250:11: warning: pointer targets in passing argument 1 of 'UIsend' differ in signedness [-Wpointer-sign]
  250 |    UIsend("LED Control Mode\r\n*********************\r\n");
      |           ^~~~~~~~~~~~~~~~~~~~~~~~~~~~~~~~~~~~~~~~~~~~~~~
      |           |
      |           char *
../Core/Src/main.c:233:21: note: expected 'uint8_t *' {aka 'unsigned char *'} but argument is of type 'char *'
  233 | void UIsend(uint8_t text[100]) {
      |             ~~~~~~~~^~~~~~~~~
../Core/Src/main.c:251:11: warning: pointer targets in passing argument 1 of 'UIsend' differ in signedness [-Wpointer-sign]
  251 |    UIsend("a : Speed Up +1Hz\r\n");
      |           ^~~~~~~~~~~~~~~~~~~~~~~
      |           |
      |           char *
../Core/Src/main.c:233:21: note: expected 'uint8_t *' {aka 'unsigned char *'} but argument is of type 'char *'
  233 | void UIsend(uint8_t text[100]) {
      |             ~~~~~~~~^~~~~~~~~
../Core/Src/main.c:252:11: warning: pointer targets in passing argument 1 of 'UIsend' differ in signedness [-Wpointer-sign]
  252 |    UIsend("s : Speed Down -1Hz\r\n");
      |           ^~~~~~~~~~~~~~~~~~~~~~~~~
      |           |
      |           char *
../Core/Src/main.c:233:21: note: expected 'uint8_t *' {aka 'unsigned char *'} but argument is of type 'char *'
  233 | void UIsend(uint8_t text[100]) {
      |             ~~~~~~~~^~~~~~~~~
../Core/Src/main.c:253:11: warning: pointer targets in passing argument 1 of 'UIsend' differ in signedness [-Wpointer-sign]
  253 |    UIsend("d : On/Off\r\n");
      |           ^~~~~~~~~~~~~~~~
      |           |
      |           char *
../Core/Src/main.c:233:21: note: expected 'uint8_t *' {aka 'unsigned char *'} but argument is of type 'char *'
  233 | void UIsend(uint8_t text[100]) {
      |             ~~~~~~~~^~~~~~~~~
../Core/Src/main.c:254:11: warning: pointer targets in passing argument 1 of 'UIsend' differ in signedness [-Wpointer-sign]
  254 |    UIsend("x : back\r\n");
      |           ^~~~~~~~~~~~~~
      |           |
      |           char *
../Core/Src/main.c:233:21: note: expected 'uint8_t *' {aka 'unsigned char *'} but argument is of type 'char *'
  233 | void UIsend(uint8_t text[100]) {
      |             ~~~~~~~~^~~~~~~~~
../Core/Src/main.c:257:11: warning: pointer targets in passing argument 1 of 'UIsend' differ in signedness [-Wpointer-sign]
  257 |    UIsend("x : back\r\n");
      |           ^~~~~~~~~~~~~~
      |           |
      |           char *
../Core/Src/main.c:233:21: note: expected 'uint8_t *' {aka 'unsigned char *'} but argument is of type 'char *'
  233 | void UIsend(uint8_t text[100]) {
      |             ~~~~~~~~^~~~~~~~~
../Core/Src/main.c:258:11: warning: pointer targets in passing argument 1 of 'UIsend' differ in signedness [-Wpointer-sign]
  258 |    UIsend("Button_State Status Mode\r\n");
      |           ^~~~~~~~~~~~~~~~~~~~~~~~~~~~~~
      |           |
      |           char *
../Core/Src/main.c:233:21: note: expected 'uint8_t *' {aka 'unsigned char *'} but argument is of type 'char *'
  233 | void UIsend(uint8_t text[100]) {
      |             ~~~~~~~~^~~~~~~~~
../Core/Src/main.c:285:11: warning: pointer targets in passing argument 1 of 'UIsend' differ in signedness [-Wpointer-sign]
  285 |    UIsend("LED ON\r\n");
      |           ^~~~~~~~~~~~
      |           |
      |           char *
../Core/Src/main.c:233:21: note: expected 'uint8_t *' {aka 'unsigned char *'} but argument is of type 'char *'
  233 | void UIsend(uint8_t text[100]) {
      |             ~~~~~~~~^~~~~~~~~
../Core/Src/main.c:288:11: warning: pointer targets in passing argument 1 of 'UIsend' differ in signedness [-Wpointer-sign]
  288 |    UIsend("LED OFF\r\n");
      |           ^~~~~~~~~~~~~
      |           |
      |           char *
../Core/Src/main.c:233:21: note: expected 'uint8_t *' {aka 'unsigned char *'} but argument is of type 'char *'
  233 | void UIsend(uint8_t text[100]) {
      |             ~~~~~~~~^~~~~~~~~
../Core/Src/main.c: In function 'LED_Hz':
../Core/Src/main.c:301:6: warning: type of 'LED_State' defaults to 'int' [-Wimplicit-int]
  301 | void LED_Hz( LED_State) {
      |      ^~~~~~
../Core/Src/main.c: At top level:
../Core/Src/main.c:313:6: warning: conflicting types for 'UARTInterruptConfig'
  313 | void UARTInterruptConfig() {
      |      ^~~~~~~~~~~~~~~~~~~
../Core/Src/main.c:109:3: note: previous implicit declaration of 'UARTInterruptConfig' was here
  109 |   UARTInterruptConfig();
      |   ^~~~~~~~~~~~~~~~~~~
../Core/Src/main.c: In function 'Button_State_Check':
../Core/Src/main.c:329:10: warning: pointer targets in passing argument 1 of 'UIsend' differ in signedness [-Wpointer-sign]
  329 |   UIsend("unpressed\r\n");
      |          ^~~~~~~~~~~~~~~
      |          |
      |          char *
../Core/Src/main.c:233:21: note: expected 'uint8_t *' {aka 'unsigned char *'} but argument is of type 'char *'
  233 | void UIsend(uint8_t text[100]) {
      |             ~~~~~~~~^~~~~~~~~
../Core/Src/main.c:331:10: warning: pointer targets in passing argument 1 of 'UIsend' differ in signedness [-Wpointer-sign]
  331 |   UIsend("pressed\r\n");
      |          ^~~~~~~~~~~~~
      |          |
      |          char *
../Core/Src/main.c:233:21: note: expected 'uint8_t *' {aka 'unsigned char *'} but argument is of type 'char *'
  233 | void UIsend(uint8_t text[100]) {
      |             ~~~~~~~~^~~~~~~~~
../Core/Src/main.c: In function 'HAL_UART_RxCpltCallback':
../Core/Src/main.c:319:40: warning: 'Received :  ' directive writing 12 bytes into a region of size 10 [-Wformat-overflow=]
  319 |   sprintf((char*) TxBuffer, "Received :  %s\r\n", RxBuffer);
      |                              ~~~~~~~~~~^~
../Core/Src/main.c:319:3: note: 'sprintf' output between 15 and 16 bytes into a destination of size 10
  319 |   sprintf((char*) TxBuffer, "Received :  %s\r\n", RxBuffer);
      |   ^~~~~~~~~~~~~~~~~~~~~~~~~~~~~~~~~~~~~~~~~~~~~~~~~~~~~~~~~
arm-none-eabi-gcc -o "UARTCOM.elf" @"objects.list"   -mcpu=cortex-m4 -T"D:\git\LAB5_01\LAB5_UARTCommunication\UARTCOM\STM32F411RETX_FLASH.ld" --specs=nosys.specs -Wl,-Map="UARTCOM.map" -Wl,--gc-sections -static --specs=nano.specs -mfpu=fpv4-sp-d16 -mfloat-abi=hard -mthumb -Wl,--start-group -lc -lm -Wl,--end-group
Finished building target: UARTCOM.elf
 
arm-none-eabi-size   UARTCOM.elf 
arm-none-eabi-objdump -h -S  UARTCOM.elf  > "UARTCOM.list"
   text	   data	    bss	    dec	    hex	filename
  14840	    128	   1784	  16752	   4170	UARTCOM.elf
Finished building: default.size.stdout
 
Finished building: UARTCOM.list
 
04:50:15 **** Incremental Build of configuration Debug for project UARTCOM ****
make -j16 all 
arm-none-eabi-gcc "../Core/Src/main.c" -mcpu=cortex-m4 -std=gnu11 -g3 -DDEBUG -DUSE_HAL_DRIVER -DSTM32F411xE -c -I../Core/Inc -I../Drivers/STM32F4xx_HAL_Driver/Inc -I../Drivers/STM32F4xx_HAL_Driver/Inc/Legacy -I../Drivers/CMSIS/Device/ST/STM32F4xx/Include -I../Drivers/CMSIS/Include -O0 -ffunction-sections -fdata-sections -Wall -fstack-usage -fcyclomatic-complexity -MMD -MP -MF"Core/Src/main.d" -MT"Core/Src/main.o" --specs=nano.specs -mfpu=fpv4-sp-d16 -mfloat-abi=hard -mthumb -o "Core/Src/main.o"
../Core/Src/main.c: In function 'main':
../Core/Src/main.c:109:3: warning: implicit declaration of function 'UARTInterruptConfig' [-Wimplicit-function-declaration]
  109 |   UARTInterruptConfig();
      |   ^~~~~~~~~~~~~~~~~~~
../Core/Src/main.c: In function 'Function_Selector':
../Core/Src/main.c:242:10: warning: pointer targets in passing argument 1 of 'UIsend' differ in signedness [-Wpointer-sign]
  242 |   UIsend("\r\nFunction Select\r\n***************************\r\n");
      |          ^~~~~~~~~~~~~~~~~~~~~~~~~~~~~~~~~~~~~~~~~~~~~~~~~~~~~~~~
      |          |
      |          char *
../Core/Src/main.c:233:21: note: expected 'uint8_t *' {aka 'unsigned char *'} but argument is of type 'char *'
  233 | void UIsend(uint8_t text[100]) {
      |             ~~~~~~~~^~~~~~~~~
../Core/Src/main.c:243:10: warning: pointer targets in passing argument 1 of 'UIsend' differ in signedness [-Wpointer-sign]
  243 |   UIsend("0 : LED Control\r\n");
      |          ^~~~~~~~~~~~~~~~~~~~~
      |          |
      |          char *
../Core/Src/main.c:233:21: note: expected 'uint8_t *' {aka 'unsigned char *'} but argument is of type 'char *'
  233 | void UIsend(uint8_t text[100]) {
      |             ~~~~~~~~^~~~~~~~~
../Core/Src/main.c:244:10: warning: pointer targets in passing argument 1 of 'UIsend' differ in signedness [-Wpointer-sign]
  244 |   UIsend("1 : Button_State Status\r\n***************************\r\n");
      |          ^~~~~~~~~~~~~~~~~~~~~~~~~~~~~~~~~~~~~~~~~~~~~~~~~~~~~~~~~~~~
      |          |
      |          char *
../Core/Src/main.c:233:21: note: expected 'uint8_t *' {aka 'unsigned char *'} but argument is of type 'char *'
  233 | void UIsend(uint8_t text[100]) {
      |             ~~~~~~~~^~~~~~~~~
../Core/Src/main.c:250:11: warning: pointer targets in passing argument 1 of 'UIsend' differ in signedness [-Wpointer-sign]
  250 |    UIsend("LED Control Mode\r\n*********************\r\n");
      |           ^~~~~~~~~~~~~~~~~~~~~~~~~~~~~~~~~~~~~~~~~~~~~~~
      |           |
      |           char *
../Core/Src/main.c:233:21: note: expected 'uint8_t *' {aka 'unsigned char *'} but argument is of type 'char *'
  233 | void UIsend(uint8_t text[100]) {
      |             ~~~~~~~~^~~~~~~~~
../Core/Src/main.c:251:11: warning: pointer targets in passing argument 1 of 'UIsend' differ in signedness [-Wpointer-sign]
  251 |    UIsend("a : Speed Up +1Hz\r\n");
      |           ^~~~~~~~~~~~~~~~~~~~~~~
      |           |
      |           char *
../Core/Src/main.c:233:21: note: expected 'uint8_t *' {aka 'unsigned char *'} but argument is of type 'char *'
  233 | void UIsend(uint8_t text[100]) {
      |             ~~~~~~~~^~~~~~~~~
../Core/Src/main.c:252:11: warning: pointer targets in passing argument 1 of 'UIsend' differ in signedness [-Wpointer-sign]
  252 |    UIsend("s : Speed Down -1Hz\r\n");
      |           ^~~~~~~~~~~~~~~~~~~~~~~~~
      |           |
      |           char *
../Core/Src/main.c:233:21: note: expected 'uint8_t *' {aka 'unsigned char *'} but argument is of type 'char *'
  233 | void UIsend(uint8_t text[100]) {
      |             ~~~~~~~~^~~~~~~~~
../Core/Src/main.c:253:11: warning: pointer targets in passing argument 1 of 'UIsend' differ in signedness [-Wpointer-sign]
  253 |    UIsend("d : On/Off\r\n");
      |           ^~~~~~~~~~~~~~~~
      |           |
      |           char *
../Core/Src/main.c:233:21: note: expected 'uint8_t *' {aka 'unsigned char *'} but argument is of type 'char *'
  233 | void UIsend(uint8_t text[100]) {
      |             ~~~~~~~~^~~~~~~~~
../Core/Src/main.c:254:11: warning: pointer targets in passing argument 1 of 'UIsend' differ in signedness [-Wpointer-sign]
  254 |    UIsend("x : back\r\n");
      |           ^~~~~~~~~~~~~~
      |           |
      |           char *
../Core/Src/main.c:233:21: note: expected 'uint8_t *' {aka 'unsigned char *'} but argument is of type 'char *'
  233 | void UIsend(uint8_t text[100]) {
      |             ~~~~~~~~^~~~~~~~~
../Core/Src/main.c:257:11: warning: pointer targets in passing argument 1 of 'UIsend' differ in signedness [-Wpointer-sign]
  257 |    UIsend("x : back\r\n");
      |           ^~~~~~~~~~~~~~
      |           |
      |           char *
../Core/Src/main.c:233:21: note: expected 'uint8_t *' {aka 'unsigned char *'} but argument is of type 'char *'
  233 | void UIsend(uint8_t text[100]) {
      |             ~~~~~~~~^~~~~~~~~
../Core/Src/main.c:258:11: warning: pointer targets in passing argument 1 of 'UIsend' differ in signedness [-Wpointer-sign]
  258 |    UIsend("Button_State Status Mode\r\n");
      |           ^~~~~~~~~~~~~~~~~~~~~~~~~~~~~~
      |           |
      |           char *
../Core/Src/main.c:233:21: note: expected 'uint8_t *' {aka 'unsigned char *'} but argument is of type 'char *'
  233 | void UIsend(uint8_t text[100]) {
      |             ~~~~~~~~^~~~~~~~~
../Core/Src/main.c:285:11: warning: pointer targets in passing argument 1 of 'UIsend' differ in signedness [-Wpointer-sign]
  285 |    UIsend("LED ON\r\n");
      |           ^~~~~~~~~~~~
      |           |
      |           char *
../Core/Src/main.c:233:21: note: expected 'uint8_t *' {aka 'unsigned char *'} but argument is of type 'char *'
  233 | void UIsend(uint8_t text[100]) {
      |             ~~~~~~~~^~~~~~~~~
../Core/Src/main.c:288:11: warning: pointer targets in passing argument 1 of 'UIsend' differ in signedness [-Wpointer-sign]
  288 |    UIsend("LED OFF\r\n");
      |           ^~~~~~~~~~~~~
      |           |
      |           char *
../Core/Src/main.c:233:21: note: expected 'uint8_t *' {aka 'unsigned char *'} but argument is of type 'char *'
  233 | void UIsend(uint8_t text[100]) {
      |             ~~~~~~~~^~~~~~~~~
../Core/Src/main.c: In function 'LED_Hz':
../Core/Src/main.c:301:6: warning: type of 'LED_State' defaults to 'int' [-Wimplicit-int]
  301 | void LED_Hz( LED_State) {
      |      ^~~~~~
../Core/Src/main.c: At top level:
../Core/Src/main.c:313:6: warning: conflicting types for 'UARTInterruptConfig'
  313 | void UARTInterruptConfig() {
      |      ^~~~~~~~~~~~~~~~~~~
../Core/Src/main.c:109:3: note: previous implicit declaration of 'UARTInterruptConfig' was here
  109 |   UARTInterruptConfig();
      |   ^~~~~~~~~~~~~~~~~~~
../Core/Src/main.c: In function 'Button_State_Check':
../Core/Src/main.c:329:10: warning: pointer targets in passing argument 1 of 'UIsend' differ in signedness [-Wpointer-sign]
  329 |   UIsend("unpressed\r\n");
      |          ^~~~~~~~~~~~~~~
      |          |
      |          char *
../Core/Src/main.c:233:21: note: expected 'uint8_t *' {aka 'unsigned char *'} but argument is of type 'char *'
  233 | void UIsend(uint8_t text[100]) {
      |             ~~~~~~~~^~~~~~~~~
../Core/Src/main.c:331:10: warning: pointer targets in passing argument 1 of 'UIsend' differ in signedness [-Wpointer-sign]
  331 |   UIsend("pressed\r\n");
      |          ^~~~~~~~~~~~~
      |          |
      |          char *
../Core/Src/main.c:233:21: note: expected 'uint8_t *' {aka 'unsigned char *'} but argument is of type 'char *'
  233 | void UIsend(uint8_t text[100]) {
      |             ~~~~~~~~^~~~~~~~~
../Core/Src/main.c: In function 'HAL_UART_RxCpltCallback':
../Core/Src/main.c:319:40: warning: 'Received :  ' directive writing 12 bytes into a region of size 10 [-Wformat-overflow=]
  319 |   sprintf((char*) TxBuffer, "Received :  %s\r\n", RxBuffer);
      |                              ~~~~~~~~~~^~
../Core/Src/main.c:319:3: note: 'sprintf' output between 15 and 16 bytes into a destination of size 10
  319 |   sprintf((char*) TxBuffer, "Received :  %s\r\n", RxBuffer);
      |   ^~~~~~~~~~~~~~~~~~~~~~~~~~~~~~~~~~~~~~~~~~~~~~~~~~~~~~~~~
arm-none-eabi-gcc -o "UARTCOM.elf" @"objects.list"   -mcpu=cortex-m4 -T"D:\git\LAB5_01\LAB5_UARTCommunication\UARTCOM\STM32F411RETX_FLASH.ld" --specs=nosys.specs -Wl,-Map="UARTCOM.map" -Wl,--gc-sections -static --specs=nano.specs -mfpu=fpv4-sp-d16 -mfloat-abi=hard -mthumb -Wl,--start-group -lc -lm -Wl,--end-group
Finished building target: UARTCOM.elf
 
arm-none-eabi-size   UARTCOM.elf 
arm-none-eabi-objdump -h -S  UARTCOM.elf  > "UARTCOM.list"
   text	   data	    bss	    dec	    hex	filename
  14840	    128	   1784	  16752	   4170	UARTCOM.elf
Finished building: default.size.stdout
 
Finished building: UARTCOM.list
 
