../Core/Src/main.c:78:5:main	8	static
../Core/Src/main.c:126:6:SystemClock_Config	88	static
../Core/Src/main.c:170:13:MX_USART2_UART_Init	8	static
../Core/Src/main.c:201:13:MX_GPIO_Init	48	static
../Core/Src/main.c:233:6:UIsend	16	static
../Core/Src/main.c:238:6:Function_Selector	8	static
../Core/Src/main.c:301:6:LED_Hz	16	static
../Core/Src/main.c:313:6:UARTInterruptConfig	8	static
../Core/Src/main.c:316:6:HAL_UART_RxCpltCallback	16	static
../Core/Src/main.c:326:6:Button_State_Check	8	static
../Core/Src/main.c:341:6:Error_Handler	4	static,ignoring_inline_asm
